base referer
rect $class_c_tree_node.html 5,512 96,539
rect $class_c_arith_expr_tree_node.html 161,5 308,32
rect $class_c_array_decl_tree_node.html 160,56 309,83
rect $class_c_array_ref_tree_node.html 163,107 307,133
rect $class_c_assign_expr_tree_node.html 156,157 313,184
rect $class_c_boolean_expr_tree_node.html 152,208 317,235
rect $class_c_call_expr_tree_node.html 164,259 305,285
rect $class_c_function_decl_tree_node.html 151,309 319,336
rect $class_c_goto_expr_tree_node.html 161,360 308,387
rect $class_c_identifier_tree_node.html 164,411 305,437
rect $class_c_if_stmt_tree_node.html 172,461 297,488
rect $class_c_label_tree_node.html 173,512 296,539
rect $class_c_literal_ref_tree_node.html 161,563 308,589
rect $class_c_literal_tree_node.html 172,613 297,640
rect $class_c_parameter_decl_tree_node.html 145,664 324,691
rect $class_c_parameter_list_tree_node.html 148,715 321,741
rect $class_c_return_stmt_tree_node.html 156,765 313,792
rect $class_c_root_tree_node.html 176,816 293,843
rect $class_c_stack_slot_tree_node.html 161,867 308,893
rect $class_c_unary_expr_tree_node.html 157,917 312,944
rect $class_c_var_decl_tree_node.html 165,968 304,995
rect $class_c_while_stmt_tree_node.html 159,1019 311,1045
